// Jest Snapshot v1, https://goo.gl/fbAQLP

exports[`should render ExpenseListItem with a expense 1`] = `
<div>
  <Link
    to="/edit/2"
  >
    <h3>
      Rent
    </h3>
  </Link>
  <p>
    Amount: 
    19500
     - Created at: 
    -345600000
  </p>
</div>
`;
