// Jest Snapshot v1, https://goo.gl/fbAQLP

exports[`should render NotFound page correctly 1`] = `
<div>
  404: Page Not Found - 
  <Link
    to="/"
  >
    Go Home
  </Link>
</div>
`;
